


ARM Macro Assembler    Page 1 


    1 00000000                 PRESERVE8
    2 00000000                 THUMB
    3 00000000                 export           timer_callback
    4 00000000                 include          DriverJeuLaser.inc
    1 00000000         
    2 00000000         ; Bibliotheque DriverJeuLaser (ancienne gassp72 adaptée 
                       2021 - TR)
    3 00000000         ; Accès en aux fonctions suivantes :
    4 00000000         ; GPIO :
    5 00000000         ; GPIOA_Set(char Broche), GPIOB_Set(char Broche), GPIOC_
                       Set(char Broche)
    6 00000000         ; GPIOA_Clear(char Broche), GPIOB_Clear(char Broche), GP
                       IOC_Clear(char Broche)
    7 00000000         
    8 00000000         ; PWM :
    9 00000000         ;/**
   10 00000000         ; * @brief  Fixe une valeur de PWM, Val, en tick horloge
                       . La rapport cyclique effectif
   11 00000000         ; * est donc : rcy = Thaut_ticks / Periode_ticks
   12 00000000         ; * @note   spécifique Jeu Laser, PWM liée exclusivement
                        au TIM3, chan3
   13 00000000         ; * @param  Thaut_ticks : durée de l'état haut d'une imp
                       ulsion en Ticks
   14 00000000         ;  * @retval None
   15 00000000         ; */
   16 00000000         
   17 00000000         ;void PWM_Set_Value_TIM3_Ch3( unsigned short int Thaut_t
                       icks);
   18 00000000                 import           PWM_Set_Value_TIM3_Ch3
   19 00000000         
   20 00000000         
   21 00000000         
   22 00000000         ;/**
   23 00000000         ; * @brief  Mise à 1 d'une broche GPIO 
   24 00000000         ;  * @note   Une fonction par GPIO
   25 00000000         ; * @param  Broche : 0 à 15
   26 00000000         ; * @retval None
   27 00000000         ; */
   28 00000000         
   29 00000000         ;void GPIOA_Set(char Broche);
   30 00000000                 import           GPIOA_Set
   31 00000000         
   32 00000000         ;void GPIOB_Set(char Broche);
   33 00000000                 import           GPIOB_Set
   34 00000000         
   35 00000000         ;void GPIOC_Set(char Broche);
   36 00000000                 import           GPIOC_Set
   37 00000000         
   38 00000000         
   39 00000000         
   40 00000000         ;/**
   41 00000000         ; * @brief  Mise à 0 d'une broche GPIO 
   42 00000000         ;  * @note   Une fonction par GPIO
   43 00000000         ; * @param  Broche : 0 à 15
   44 00000000         ; * @retval None
   45 00000000         ;  */
   46 00000000         
   47 00000000         ;void GPIOA_Clear(char Broche);
   48 00000000                 import           GPIOA_Clear



ARM Macro Assembler    Page 2 


   49 00000000         
   50 00000000         ;void GPIOB_Clear(char Broche);
   51 00000000                 import           GPIOB_Clear
   52 00000000         
   53 00000000         ;void GPIOC_Clear(char Broche);
   54 00000000                 import           GPIOC_Clear
   55 00000000         
   56 00000000                 end
    5 00000000                 export           StartSon
    6 00000000         ; ====================== zone de réservation de données,
                         ======================================
    7 00000000         ;Section RAM (read only) :
    8 00000000                 area             mesdata,data,readonly
    9 00000000         
   10 00000000                 extern           Son
   11 00000000                 extern           LongueurSon
   12 00000000         ;Section RAM (read write):
   13 00000000                 area             maram,data,readwrite
   14 00000000                 export           index
   15 00000000                 export           SortieSon
   16 00000000 00 00   SortieSon
                               dcw              0
   17 00000002 00 00 00000000 
                       index   dcd              0
   18 00000008         
   19 00000008         ; ======================================================
                       =========================================
   20 00000008         
   21 00000008                 export           timer_callback
   22 00000008         
   23 00000008         
   24 00000008         
   25 00000008         ;Section ROM code (read only) :  
   26 00000008                 area             moncode,code,readonly
   27 00000000         ; écrire le code ici  
   28 00000000         StartSon
                               proc
   29 00000000 4810            ldr              r0,=index
   30 00000002 F04F 0100       mov              r1,#0
   31 00000006 6001            str              r1,[r0]
   32 00000008 4770            bx               lr
   33 0000000A                 endp
   34 0000000A         
   35 0000000A         timer_callback
                               proc
   36 0000000A         
   37 0000000A B53F            push{lr,         r0, r1, r2, r3, r4,r5}
   38 0000000C 480D            ldr              r0, =index  ; adressede var adr
                                                            esse
   39 0000000E 4C0E            ldr              r4, =Son
   40 00000010 6802            ldr              r2, [r0]    ; index
   41 00000012         
   42 00000012 4B0E            ldr              r3,=LongueurSon
   43 00000014 681D            ldr              r5, [r3]    ; r5 longuer son
   44 00000016         ; compare index et long son
   45 00000016 42AA            cmp              r2, r5
   46 00000018 DC11            bgt              label
   47 0000001A         
   48 0000001A         ;SortieSon=Son[i] 



ARM Macro Assembler    Page 3 


   49 0000001A F934 1012       ldrsh            r1, [r4,r2, lsl #1] 
                                                            ; son[index]
   50 0000001E 4B0C            ldr              r3,=SortieSon 
                                                            ; adresse sortieSon
                                                            
   51 00000020         
   52 00000020         ;SortieSon=((SortieSon+32768)/92)
   53 00000020 F511 4100       adds             r1,#32768
   54 00000024 F240 24CF       mov              r4,#719
   55 00000028 FB01 F104       mul              r1,r4
   56 0000002C EA4F 4121       asr              r1,#16
   57 00000030         
   58 00000030         
   59 00000030         
   60 00000030         
   61 00000030 8019            strh             r1,[r3]     ; update la sortieS
                                                            on
   62 00000032         
   63 00000032 F102 0201       add              r2,#1       ; incremente index
   64 00000036 6002            str              r2, [r0]    ; update index
   65 00000038         
   66 00000038 4608            mov              r0, r1
   67 0000003A F7FF FFFE       BL               PWM_Set_Value_TIM3_Ch3
   68 0000003E         
   69 0000003E         label
   70 0000003E E8BD 403F       pop              {lr, r0, r1, r2, r3, r4,r5}
   71 00000042 4770            bx               lr
   72 00000044         
   73 00000044                 endp
   74 00000044         
   75 00000044         
   76 00000044         
   77 00000044         
   78 00000044         
   79 00000044                 END
              00000000 
              00000000 
              00000000 
              00000000 
Command Line: --debug --xref --diag_suppress=9931 --cpu=Cortex-M3 --apcs=interw
ork --depend=.\obj\gestionson.d -o.\obj\gestionson.o -I.\Driver -I.\RTE\_CibleS
ondeKEIL -IC:\Programdata\Keil\Arm\Packs\ARM\CMSIS\5.7.0\CMSIS\Core\Include -IC
:\Programdata\Keil\Arm\Packs\Keil\STM32F1xx_DFP\2.3.0\Device\Include --predefin
e="__EVAL SETA 1" --predefine="__MICROLIB SETA 1" --predefine="__UVISION_VERSIO
N SETA 534" --predefine="_RTE_ SETA 1" --predefine="STM32F10X_MD SETA 1" --pred
efine="_RTE_ SETA 1" --list=gestionson.lst Src\GestionSon.s



ARM Macro Assembler    Page 1 Alphabetic symbol ordering
Relocatable symbols

mesdata 00000000

Symbol: mesdata
   Definitions
      At line 8 in file Src\GestionSon.s
   Uses
      None
Comment: mesdata unused
1 symbol



ARM Macro Assembler    Page 1 Alphabetic symbol ordering
Relocatable symbols

SortieSon 00000000

Symbol: SortieSon
   Definitions
      At line 16 in file Src\GestionSon.s
   Uses
      At line 15 in file Src\GestionSon.s
      At line 50 in file Src\GestionSon.s

index 00000004

Symbol: index
   Definitions
      At line 17 in file Src\GestionSon.s
   Uses
      At line 14 in file Src\GestionSon.s
      At line 29 in file Src\GestionSon.s
      At line 38 in file Src\GestionSon.s

maram 00000000

Symbol: maram
   Definitions
      At line 13 in file Src\GestionSon.s
   Uses
      None
Comment: maram unused
3 symbols



ARM Macro Assembler    Page 1 Alphabetic symbol ordering
Relocatable symbols

StartSon 00000000

Symbol: StartSon
   Definitions
      At line 28 in file Src\GestionSon.s
   Uses
      At line 5 in file Src\GestionSon.s
Comment: StartSon used once
label 0000003E

Symbol: label
   Definitions
      At line 69 in file Src\GestionSon.s
   Uses
      At line 46 in file Src\GestionSon.s
Comment: label used once
moncode 00000000

Symbol: moncode
   Definitions
      At line 26 in file Src\GestionSon.s
   Uses
      None
Comment: moncode unused
timer_callback 0000000A

Symbol: timer_callback
   Definitions
      At line 35 in file Src\GestionSon.s
   Uses
      At line 3 in file Src\GestionSon.s
      At line 21 in file Src\GestionSon.s

4 symbols



ARM Macro Assembler    Page 1 Alphabetic symbol ordering
External symbols

GPIOA_Clear 00000000

Symbol: GPIOA_Clear
   Definitions
      At line 48 in file .\Driver\DriverJeuLaser.inc
   Uses
      None
Comment: GPIOA_Clear unused
GPIOA_Set 00000000

Symbol: GPIOA_Set
   Definitions
      At line 30 in file .\Driver\DriverJeuLaser.inc
   Uses
      None
Comment: GPIOA_Set unused
GPIOB_Clear 00000000

Symbol: GPIOB_Clear
   Definitions
      At line 51 in file .\Driver\DriverJeuLaser.inc
   Uses
      None
Comment: GPIOB_Clear unused
GPIOB_Set 00000000

Symbol: GPIOB_Set
   Definitions
      At line 33 in file .\Driver\DriverJeuLaser.inc
   Uses
      None
Comment: GPIOB_Set unused
GPIOC_Clear 00000000

Symbol: GPIOC_Clear
   Definitions
      At line 54 in file .\Driver\DriverJeuLaser.inc
   Uses
      None
Comment: GPIOC_Clear unused
GPIOC_Set 00000000

Symbol: GPIOC_Set
   Definitions
      At line 36 in file .\Driver\DriverJeuLaser.inc
   Uses
      None
Comment: GPIOC_Set unused
LongueurSon 00000000

Symbol: LongueurSon
   Definitions
      At line 11 in file Src\GestionSon.s
   Uses
      At line 42 in file Src\GestionSon.s
Comment: LongueurSon used once
PWM_Set_Value_TIM3_Ch3 00000000

Symbol: PWM_Set_Value_TIM3_Ch3



ARM Macro Assembler    Page 2 Alphabetic symbol ordering
External symbols

   Definitions
      At line 18 in file .\Driver\DriverJeuLaser.inc
   Uses
      At line 67 in file Src\GestionSon.s
Comment: PWM_Set_Value_TIM3_Ch3 used once
Son 00000000

Symbol: Son
   Definitions
      At line 10 in file Src\GestionSon.s
   Uses
      At line 39 in file Src\GestionSon.s
Comment: Son used once
9 symbols
354 symbols in table
